// Jest Snapshot v1, https://goo.gl/fbAQLP

exports[`GradientWrapper should match snapshot 1`] = `
<View>
  <LinearGradient
    colors={
      Array [
        "#0000FF",
        "#FFFF00",
        "white",
      ]
    }
    end={
      Object {
        "x": 0.5,
        "y": 0.5,
      }
    }
    start={
      Object {
        "x": 0.1,
        "y": 0.1,
      }
    }
    style={
      Object {
        "bottom": 0,
        "left": 0,
        "position": "absolute",
        "right": 0,
        "top": 0,
      }
    }
  />
  <View
    collapsable={false}
    style={
      Object {
        "bottom": 0,
        "left": 0,
        "opacity": 1,
        "position": "absolute",
        "right": 0,
        "top": 0,
      }
    }
  >
    <LinearGradient
      colors={
        Array [
          "#FF0000",
          "#00FF00",
          "white",
        ]
      }
      end={
        Object {
          "x": 0.5,
          "y": 0.5,
        }
      }
      start={
        Object {
          "x": 0.1,
          "y": 0.1,
        }
      }
      style={
        Object {
          "bottom": 0,
          "left": 0,
          "position": "absolute",
          "right": 0,
          "top": 0,
        }
      }
    />
  </View>
  <Text>
    Test Child
  </Text>
</View>
`;
